// Jest Snapshot v1, https://goo.gl/fbAQLP

exports[`<CartCount/> Matches Snapshot 1`] = `
<div>
  <span
    class="css-1yyllhc"
  >
    <div>
      <div
        class="count css-snu9j6"
      >
        1
      </div>
    </div>
  </span>
</div>
`;
