// Jest Snapshot v1, https://goo.gl/fbAQLP

exports[`<Product/> Renders and matches the snapshot 1`] = `
<div>
  <div
    class="css-ig2a7j"
  >
    dogs are best
    <span
      style="box-sizing: border-box; display: inline-block; overflow: hidden; background: none; opacity: 1; border: 0px; margin: 0px; padding: 0px; position: relative; max-width: 100%;"
    >
      <span
        style="box-sizing: border-box; display: block; background: none; opacity: 1; border: 0px; margin: 0px; padding: 0px; max-width: 100%;"
      >
        <img
          alt=""
          aria-hidden="true"
          src="data:image/svg+xml,%3csvg%20xmlns=%27http://www.w3.org/2000/svg%27%20version=%271.1%27%20width=%27250%27%20height=%27250%27/%3e"
          style="display: block; max-width: 100%; background: none; opacity: 1; border: 0px; margin: 0px; padding: 0px;"
        />
      </span>
      <img
        alt="dogs are best"
        data-nimg="intrinsic"
        decoding="async"
        src="data:image/gif;base64,R0lGODlhAQABAIAAAAAAAP///yH5BAEAAAAALAAAAAABAAEAAAIBRAA7"
        style="position: absolute; top: 0px; left: 0px; bottom: 0px; right: 0px; box-sizing: border-box; padding: 0px; margin: auto; display: block; width: 0px; height: 0px; min-width: 100%; max-width: 100%; min-height: 100%; max-height: 100%;"
      />
      <noscript />
    </span>
    <h3
      class="css-1ji38yg"
    >
      <a
        href="/product/abc123"
      >
        dogs are best
      </a>
    </h3>
    <span
      class="css-8u9v7m"
    >
      ‚Ç¨50
    </span>
    <p>
      dogs
    </p>
    <div
      class="buttonList"
    >
      <a
        href="/update?id=abc123"
      >
        Edit ‚úèÔ∏è
      </a>
      <button
        type="button"
      >
        Add
         To Cart üõí
      </button>
      <button
        type="button"
      >
        Delete
      </button>
    </div>
  </div>
</div>
`;
